collected 18 new signals | 0 clusters | 8 basket prices | 41.0s
collected 14 new signals | 0 clusters | 8 basket prices | 41.4s
collected 20 new signals | 0 clusters | 8 basket prices | 41.3s
collected 23 new signals | 0 clusters | 8 basket prices | 43.0s
collected 14 new signals | 0 clusters | 8 basket prices | 41.0s
collected 22 new signals | 0 clusters | 8 basket prices | 42.4s
collected 21 new signals | 0 clusters | 8 basket prices | 42.0s
collected 23 new signals | 0 clusters | 8 basket prices | 43.0s
collected 18 new signals | 0 clusters | 8 basket prices | 44.5s
collected 21 new signals | 0 clusters | 8 basket prices | 43.2s
collected 21 new signals | 0 clusters | 8 basket prices | 42.2s
collected 17 new signals | 1 clusters | 8 basket prices | 41.9s
collected 19 new signals | 0 clusters | 8 basket prices | 62.1s
collected 23 new signals | 0 clusters | 8 basket prices | 41.5s
collected 25 new signals | 1 clusters | 8 basket prices | 43.1s
collected 26 new signals | 0 clusters | 8 basket prices | 41.3s
collected 24 new signals | 0 clusters | 8 basket prices | 41.6s
collected 30 new signals | 0 clusters | 8 basket prices | 42.6s
collected 30 new signals | 2 clusters | 8 basket prices | 43.1s
collected 18 new signals | 0 clusters | 8 basket prices | 42.8s
collected 21 new signals | 0 clusters | 8 basket prices | 41.9s
collected 21 new signals | 0 clusters | 8 basket prices | 42.1s
collected 19 new signals | 1 clusters | 8 basket prices | 43.3s
collected 20 new signals | 0 clusters | 8 basket prices | 41.5s
collected 19 new signals | 1 clusters | 8 basket prices | 42.6s
collected 21 new signals | 0 clusters | 8 basket prices | 42.6s
collected 25 new signals | 2 clusters | 8 basket prices | 42.3s
collected 25 new signals | 0 clusters | 8 basket prices | 43.5s
collected 21 new signals | 0 clusters | 8 basket prices | 43.8s
collected 19 new signals | 1 clusters | 8 basket prices | 43.3s
collected 26 new signals | 0 clusters | 8 basket prices | 43.3s
collected 16 new signals | 0 clusters | 8 basket prices | 43.6s
collected 27 new signals | 2 clusters | 8 basket prices | 43.1s
collected 23 new signals | 1 clusters | 8 basket prices | 43.0s
collected 17 new signals | 0 clusters | 8 basket prices | 43.8s
collected 14 new signals | 0 clusters | 8 basket prices | 43.9s
collected 15 new signals | 0 clusters | 8 basket prices | 42.8s
collected 26 new signals | 0 clusters | 8 basket prices | 42.6s
collected 15 new signals | 0 clusters | 8 basket prices | 42.9s
collected 23 new signals | 0 clusters | 8 basket prices | 42.6s
collected 20 new signals | 0 clusters | 8 basket prices | 42.7s
collected 20 new signals | 1 clusters | 8 basket prices | 43.1s
collected 15 new signals | 0 clusters | 8 basket prices | 42.1s
collected 19 new signals | 0 clusters | 8 basket prices | 42.2s
collected 24 new signals | 0 clusters | 8 basket prices | 42.6s
collected 16 new signals | 1 clusters | 8 basket prices | 43.1s
collected 18 new signals | 0 clusters | 8 basket prices | 43.9s
collected 10 new signals | 0 clusters | 8 basket prices | 42.9s
collected 12 new signals | 0 clusters | 8 basket prices | 42.7s
collected 22 new signals | 0 clusters | 8 basket prices | 43.8s
collected 22 new signals | 1 clusters | 8 basket prices | 43.5s
collected 16 new signals | 1 clusters | 8 basket prices | 42.8s
collected 26 new signals | 0 clusters | 8 basket prices | 43.0s
collected 23 new signals | 1 clusters | 8 basket prices | 43.3s
collected 19 new signals | 0 clusters | 8 basket prices | 43.3s
collected 27 new signals | 2 clusters | 8 basket prices | 42.4s
collected 24 new signals | 0 clusters | 8 basket prices | 43.4s
collected 20 new signals | 0 clusters | 8 basket prices | 43.9s
collected 23 new signals | 1 clusters | 8 basket prices | 44.1s
collected 21 new signals | 1 clusters | 8 basket prices | 43.9s
collected 14 new signals | 0 clusters | 8 basket prices | 42.9s
collected 16 new signals | 0 clusters | 8 basket prices | 43.2s
collected 22 new signals | 0 clusters | 8 basket prices | 42.8s
collected 21 new signals | 0 clusters | 8 basket prices | 43.1s
collected 17 new signals | 0 clusters | 8 basket prices | 42.9s
collected 40 new signals | 0 clusters | 8 basket prices | 44.2s
collected 22 new signals | 0 clusters | 8 basket prices | 43.3s
collected 14 new signals | 0 clusters | 8 basket prices | 42.8s
collected 15 new signals | 0 clusters | 8 basket prices | 43.5s
collected 9 new signals | 0 clusters | 8 basket prices | 42.1s
collected 12 new signals | 0 clusters | 8 basket prices | 65.5s
collected 16 new signals | 0 clusters | 8 basket prices | 42.1s
collected 11 new signals | 0 clusters | 8 basket prices | 42.3s
collected 8 new signals | 0 clusters | 8 basket prices | 42.1s
collected 8 new signals | 0 clusters | 8 basket prices | 42.5s
collected 9 new signals | 0 clusters | 8 basket prices | 42.5s
collected 15 new signals | 0 clusters | 8 basket prices | 41.7s
collected 17 new signals | 0 clusters | 8 basket prices | 41.4s
collected 17 new signals | 0 clusters | 8 basket prices | 42.3s
collected 20 new signals | 0 clusters | 8 basket prices | 42.0s
collected 18 new signals | 1 clusters | 8 basket prices | 42.8s
collected 19 new signals | 1 clusters | 8 basket prices | 43.0s
collected 17 new signals | 0 clusters | 8 basket prices | 47.5s
collected 30 new signals | 0 clusters | 8 basket prices | 44.0s
collected 17 new signals | 0 clusters | 8 basket prices | 42.8s
collected 28 new signals | 1 clusters | 8 basket prices | 41.9s
collected 30 new signals | 2 clusters | 8 basket prices | 42.1s
collected 18 new signals | 0 clusters | 8 basket prices | 42.1s
collected 26 new signals | 1 clusters | 8 basket prices | 42.1s
collected 43 new signals | 1 clusters | 8 basket prices | 42.7s
collected 11 new signals | 0 clusters | 8 basket prices | 41.7s
collected 22 new signals | 0 clusters | 8 basket prices | 42.0s
collected 21 new signals | 0 clusters | 8 basket prices | 42.8s
collected 11 new signals | 0 clusters | 8 basket prices | 43.1s
collected 21 new signals | 0 clusters | 8 basket prices | 42.1s
collected 15 new signals | 0 clusters | 8 basket prices | 41.8s
collected 16 new signals | 0 clusters | 8 basket prices | 42.7s
collected 7 new signals | 0 clusters | 8 basket prices | 41.5s
collected 10 new signals | 0 clusters | 8 basket prices | 41.9s
collected 13 new signals | 0 clusters | 8 basket prices | 42.6s
collected 17 new signals | 0 clusters | 8 basket prices | 42.4s
collected 18 new signals | 0 clusters | 8 basket prices | 44.1s
collected 13 new signals | 0 clusters | 8 basket prices | 42.8s
collected 14 new signals | 0 clusters | 8 basket prices | 43.0s
collected 25 new signals | 0 clusters | 8 basket prices | 42.8s
collected 18 new signals | 0 clusters | 8 basket prices | 43.2s
collected 23 new signals | 0 clusters | 8 basket prices | 61.0s
collected 26 new signals | 0 clusters | 8 basket prices | 42.3s
collected 23 new signals | 0 clusters | 8 basket prices | 42.5s
collected 25 new signals | 1 clusters | 8 basket prices | 41.8s
collected 33 new signals | 0 clusters | 8 basket prices | 43.6s
collected 19 new signals | 0 clusters | 8 basket prices | 42.0s
collected 23 new signals | 0 clusters | 8 basket prices | 42.8s
collected 25 new signals | 2 clusters | 8 basket prices | 43.1s
collected 13 new signals | 0 clusters | 8 basket prices | 43.0s
collected 17 new signals | 1 clusters | 8 basket prices | 42.8s
collected 12 new signals | 0 clusters | 8 basket prices | 40.6s
collected 21 new signals | 0 clusters | 8 basket prices | 40.7s
collected 19 new signals | 1 clusters | 8 basket prices | 40.1s
collected 19 new signals | 0 clusters | 8 basket prices | 40.7s
collected 18 new signals | 0 clusters | 8 basket prices | 41.9s
collected 14 new signals | 0 clusters | 8 basket prices | 40.4s
collected 18 new signals | 0 clusters | 8 basket prices | 41.4s
collected 15 new signals | 0 clusters | 8 basket prices | 40.3s
collected 7 new signals | 0 clusters | 8 basket prices | 39.6s
collected 11 new signals | 0 clusters | 8 basket prices | 40.8s
collected 17 new signals | 1 clusters | 8 basket prices | 40.7s
collected 13 new signals | 0 clusters | 8 basket prices | 40.8s
collected 19 new signals | 1 clusters | 8 basket prices | 41.0s
collected 19 new signals | 0 clusters | 8 basket prices | 41.6s
collected 28 new signals | 1 clusters | 8 basket prices | 41.3s
collected 18 new signals | 0 clusters | 8 basket prices | 41.7s
collected 21 new signals | 0 clusters | 8 basket prices | 41.3s
collected 21 new signals | 0 clusters | 8 basket prices | 41.6s
collected 15 new signals | 0 clusters | 8 basket prices | 40.5s
collected 14 new signals | 0 clusters | 8 basket prices | 41.0s
collected 27 new signals | 2 clusters | 8 basket prices | 40.6s
collected 24 new signals | 0 clusters | 8 basket prices | 40.9s
collected 20 new signals | 1 clusters | 8 basket prices | 40.2s
collected 27 new signals | 0 clusters | 8 basket prices | 40.3s
collected 17 new signals | 0 clusters | 8 basket prices | 41.1s
collected 23 new signals | 1 clusters | 8 basket prices | 40.7s
collected 11 new signals | 0 clusters | 8 basket prices | 40.2s
collected 16 new signals | 0 clusters | 8 basket prices | 40.4s
collected 21 new signals | 2 clusters | 8 basket prices | 40.7s
collected 23 new signals | 1 clusters | 8 basket prices | 41.9s
collected 16 new signals | 0 clusters | 8 basket prices | 43.0s
collected 11 new signals | 0 clusters | 8 basket prices | 40.6s
collected 15 new signals | 0 clusters | 8 basket prices | 42.1s
collected 17 new signals | 0 clusters | 8 basket prices | 40.4s
collected 24 new signals | 0 clusters | 8 basket prices | 41.3s
collected 20 new signals | 1 clusters | 8 basket prices | 41.0s
collected 18 new signals | 0 clusters | 8 basket prices | 41.3s
collected 19 new signals | 0 clusters | 8 basket prices | 40.8s
collected 16 new signals | 0 clusters | 8 basket prices | 41.8s
collected 28 new signals | 1 clusters | 8 basket prices | 41.2s
collected 24 new signals | 0 clusters | 8 basket prices | 41.6s
collected 22 new signals | 0 clusters | 8 basket prices | 43.0s
collected 20 new signals | 0 clusters | 8 basket prices | 41.7s
collected 19 new signals | 0 clusters | 8 basket prices | 40.6s
collected 27 new signals | 0 clusters | 8 basket prices | 40.6s
collected 18 new signals | 0 clusters | 8 basket prices | 41.2s
collected 16 new signals | 0 clusters | 8 basket prices | 40.7s
collected 23 new signals | 0 clusters | 8 basket prices | 40.5s
collected 14 new signals | 0 clusters | 8 basket prices | 40.7s
collected 11 new signals | 0 clusters | 8 basket prices | 40.1s
collected 7 new signals | 0 clusters | 8 basket prices | 43.1s
collected 8 new signals | 1 clusters | 8 basket prices | 40.9s
collected 8 new signals | 0 clusters | 8 basket prices | 40.4s
collected 12 new signals | 0 clusters | 8 basket prices | 41.0s
collected 10 new signals | 0 clusters | 8 basket prices | 40.9s
collected 6 new signals | 0 clusters | 8 basket prices | 40.8s
collected 9 new signals | 0 clusters | 8 basket prices | 42.2s
collected 11 new signals | 0 clusters | 8 basket prices | 40.8s
collected 18 new signals | 0 clusters | 8 basket prices | 44.5s
collected 15 new signals | 0 clusters | 8 basket prices | 43.2s
collected 17 new signals | 1 clusters | 8 basket prices | 42.0s
collected 22 new signals | 2 clusters | 8 basket prices | 42.1s
collected 11 new signals | 0 clusters | 8 basket prices | 42.3s
collected 12 new signals | 0 clusters | 8 basket prices | 44.5s
collected 17 new signals | 1 clusters | 8 basket prices | 42.3s
collected 22 new signals | 0 clusters | 8 basket prices | 41.5s
collected 13 new signals | 0 clusters | 8 basket prices | 42.7s
collected 19 new signals | 0 clusters | 8 basket prices | 41.6s
collected 20 new signals | 0 clusters | 8 basket prices | 40.4s
collected 31 new signals | 1 clusters | 8 basket prices | 41.4s
collected 19 new signals | 0 clusters | 8 basket prices | 41.1s
collected 24 new signals | 0 clusters | 8 basket prices | 42.0s
collected 23 new signals | 0 clusters | 8 basket prices | 41.3s
collected 19 new signals | 0 clusters | 8 basket prices | 41.7s
collected 26 new signals | 1 clusters | 8 basket prices | 40.6s
collected 22 new signals | 1 clusters | 8 basket prices | 41.2s
collected 13 new signals | 0 clusters | 8 basket prices | 42.0s
collected 16 new signals | 0 clusters | 8 basket prices | 42.3s
collected 17 new signals | 0 clusters | 8 basket prices | 43.3s
collected 15 new signals | 0 clusters | 8 basket prices | 42.8s
collected 11 new signals | 1 clusters | 8 basket prices | 41.5s
collected 20 new signals | 1 clusters | 8 basket prices | 42.0s
collected 16 new signals | 0 clusters | 8 basket prices | 42.9s
collected 17 new signals | 0 clusters | 8 basket prices | 43.3s
collected 26 new signals | 2 clusters | 8 basket prices | 42.1s
collected 27 new signals | 3 clusters | 8 basket prices | 42.3s
collected 20 new signals | 0 clusters | 8 basket prices | 44.4s
collected 19 new signals | 0 clusters | 8 basket prices | 46.1s
collected 17 new signals | 0 clusters | 8 basket prices | 44.3s
collected 21 new signals | 0 clusters | 8 basket prices | 45.6s
collected 22 new signals | 1 clusters | 8 basket prices | 40.6s
collected 28 new signals | 1 clusters | 8 basket prices | 40.9s
collected 23 new signals | 1 clusters | 8 basket prices | 51.3s
collected 27 new signals | 0 clusters | 8 basket prices | 60.0s
collected 29 new signals | 0 clusters | 8 basket prices | 42.8s
collected 20 new signals | 0 clusters | 8 basket prices | 56.7s
collected 22 new signals | 0 clusters | 8 basket prices | 61.9s
collected 19 new signals | 0 clusters | 8 basket prices | 76.8s
collected 16 new signals | 0 clusters | 8 basket prices | 60.6s
collected 11 new signals | 0 clusters | 8 basket prices | 54.3s
collected 18 new signals | 0 clusters | 8 basket prices | 41.3s
collected 14 new signals | 0 clusters | 8 basket prices | 53.4s
collected 14 new signals | 0 clusters | 8 basket prices | 51.6s
collected 14 new signals | 0 clusters | 8 basket prices | 51.5s
collected 13 new signals | 0 clusters | 8 basket prices | 44.7s
collected 13 new signals | 2 clusters | 8 basket prices | 79.4s
collected 19 new signals | 0 clusters | 8 basket prices | 81.3s
collected 21 new signals | 1 clusters | 8 basket prices | 60.0s
collected 23 new signals | 1 clusters | 8 basket prices | 79.1s
collected 13 new signals | 0 clusters | 8 basket prices | 42.5s
collected 25 new signals | 1 clusters | 8 basket prices | 43.8s
collected 25 new signals | 0 clusters | 8 basket prices | 50.4s
collected 23 new signals | 0 clusters | 8 basket prices | 49.8s
collected 18 new signals | 1 clusters | 8 basket prices | 43.7s
collected 27 new signals | 1 clusters | 8 basket prices | 45.1s
collected 20 new signals | 0 clusters | 8 basket prices | 41.8s
collected 19 new signals | 0 clusters | 8 basket prices | 41.3s
collected 28 new signals | 1 clusters | 8 basket prices | 49.9s
collected 23 new signals | 0 clusters | 8 basket prices | 43.2s
collected 22 new signals | 0 clusters | 8 basket prices | 42.6s
collected 31 new signals | 1 clusters | 8 basket prices | 41.5s
collected 14 new signals | 0 clusters | 8 basket prices | 40.3s
[mkt:WIFUSDT] <urlopen error _ssl.c:983: The handshake operation timed out>
collected 19 new signals | 1 clusters | 7 basket prices | 84.4s
collected 12 new signals | 0 clusters | 8 basket prices | 41.9s
[mkt:JUPUSDT] <urlopen error _ssl.c:983: The handshake operation timed out>
collected 13 new signals | 1 clusters | 7 basket prices | 257.4s
collected 9 new signals | 0 clusters | 8 basket prices | 43.0s
collected 12 new signals | 0 clusters | 8 basket prices | 42.2s
collected 15 new signals | 0 clusters | 8 basket prices | 43.0s
collected 16 new signals | 0 clusters | 8 basket prices | 125.6s
[mkt:1000BONKUSDT] The read operation timed out
collected 12 new signals | 0 clusters | 7 basket prices | 104.9s
collected 20 new signals | 1 clusters | 8 basket prices | 137.1s
collected 22 new signals | 0 clusters | 8 basket prices | 51.3s
collected 22 new signals | 2 clusters | 8 basket prices | 56.2s
collected 19 new signals | 1 clusters | 8 basket prices | 51.9s
collected 25 new signals | 0 clusters | 8 basket prices | 72.9s
collected 24 new signals | 1 clusters | 8 basket prices | 342.3s
collected 26 new signals | 0 clusters | 8 basket prices | 54.2s
collected 21 new signals | 0 clusters | 8 basket prices | 56.5s
collected 24 new signals | 1 clusters | 8 basket prices | 41.9s
collected 26 new signals | 0 clusters | 8 basket prices | 41.3s
collected 30 new signals | 2 clusters | 8 basket prices | 41.0s
collected 35 new signals | 0 clusters | 8 basket prices | 41.2s
collected 19 new signals | 0 clusters | 8 basket prices | 42.6s
collected 20 new signals | 0 clusters | 8 basket prices | 41.1s
collected 25 new signals | 0 clusters | 8 basket prices | 41.0s
collected 24 new signals | 0 clusters | 8 basket prices | 41.0s
collected 23 new signals | 0 clusters | 8 basket prices | 40.6s
collected 18 new signals | 0 clusters | 8 basket prices | 54.6s
collected 16 new signals | 0 clusters | 8 basket prices | 41.1s
collected 11 new signals | 0 clusters | 8 basket prices | 40.7s
collected 17 new signals | 0 clusters | 8 basket prices | 40.9s
collected 12 new signals | 0 clusters | 8 basket prices | 40.9s
collected 20 new signals | 0 clusters | 8 basket prices | 41.8s
collected 12 new signals | 0 clusters | 8 basket prices | 41.4s
collected 12 new signals | 0 clusters | 8 basket prices | 41.7s
collected 20 new signals | 1 clusters | 8 basket prices | 41.8s
collected 19 new signals | 1 clusters | 8 basket prices | 51.7s
collected 30 new signals | 3 clusters | 8 basket prices | 42.5s
collected 28 new signals | 1 clusters | 8 basket prices | 42.4s
collected 27 new signals | 1 clusters | 8 basket prices | 41.4s
[mkt:SOLUSDT] <urlopen error [Errno -3] Temporary failure in name resolution>
[mkt:JUPUSDT] <urlopen error [Errno -3] Temporary failure in name resolution>
[mkt:JTOUSDT] <urlopen error [Errno -3] Temporary failure in name resolution>
[mkt:WIFUSDT] <urlopen error [Errno -3] Temporary failure in name resolution>
[mkt:1000BONKUSDT] <urlopen error [Errno -3] Temporary failure in name resolution>
[mkt:PYTHUSDT] <urlopen error [Errno -3] Temporary failure in name resolution>
[mkt:RAYUSDT] <urlopen error [Errno -3] Temporary failure in name resolution>
[mkt:TNSRUSDT] <urlopen error [Errno -3] Temporary failure in name resolution>
collected 1 new signals | 0 clusters | 0 basket prices | 1134.2s
[mkt:SOLUSDT] <urlopen error [Errno -3] Temporary failure in name resolution>
[mkt:JUPUSDT] <urlopen error [Errno -3] Temporary failure in name resolution>
[mkt:JTOUSDT] <urlopen error [Errno -3] Temporary failure in name resolution>
[mkt:WIFUSDT] <urlopen error [Errno -3] Temporary failure in name resolution>
[mkt:1000BONKUSDT] <urlopen error [Errno -3] Temporary failure in name resolution>
[mkt:PYTHUSDT] <urlopen error [Errno -3] Temporary failure in name resolution>
[mkt:RAYUSDT] <urlopen error [Errno -3] Temporary failure in name resolution>
[mkt:TNSRUSDT] <urlopen error [Errno -3] Temporary failure in name resolution>
collected 0 new signals | 0 clusters | 0 basket prices | 1074.4s
[mkt:SOLUSDT] <urlopen error [Errno 101] Network is unreachable>
[mkt:JUPUSDT] <urlopen error [Errno -3] Temporary failure in name resolution>
[mkt:JTOUSDT] <urlopen error [Errno -3] Temporary failure in name resolution>
[mkt:WIFUSDT] <urlopen error [Errno -3] Temporary failure in name resolution>
[mkt:1000BONKUSDT] <urlopen error [Errno -3] Temporary failure in name resolution>
[mkt:PYTHUSDT] <urlopen error [Errno 101] Network is unreachable>
[mkt:RAYUSDT] <urlopen error [Errno 101] Network is unreachable>
[mkt:TNSRUSDT] <urlopen error [Errno -3] Temporary failure in name resolution>
collected 0 new signals | 0 clusters | 0 basket prices | 1229.1s
[mkt:SOLUSDT] <urlopen error timed out>
[mkt:JUPUSDT] <urlopen error [Errno -3] Temporary failure in name resolution>
[mkt:JTOUSDT] <urlopen error [Errno -3] Temporary failure in name resolution>
[mkt:WIFUSDT] <urlopen error [Errno -3] Temporary failure in name resolution>
[mkt:1000BONKUSDT] <urlopen error [Errno -3] Temporary failure in name resolution>
[mkt:PYTHUSDT] <urlopen error [Errno -3] Temporary failure in name resolution>
[mkt:RAYUSDT] <urlopen error [Errno -3] Temporary failure in name resolution>
[mkt:TNSRUSDT] <urlopen error [Errno -3] Temporary failure in name resolution>
collected 0 new signals | 0 clusters | 0 basket prices | 1070.9s
[mkt:SOLUSDT] <urlopen error [Errno 101] Network is unreachable>
[mkt:JUPUSDT] <urlopen error [Errno -3] Temporary failure in name resolution>
[mkt:JTOUSDT] <urlopen error [Errno -3] Temporary failure in name resolution>
[mkt:WIFUSDT] <urlopen error [Errno -3] Temporary failure in name resolution>
[mkt:1000BONKUSDT] <urlopen error [Errno -3] Temporary failure in name resolution>
[mkt:PYTHUSDT] <urlopen error [Errno -3] Temporary failure in name resolution>
[mkt:RAYUSDT] <urlopen error [Errno -3] Temporary failure in name resolution>
[mkt:TNSRUSDT] <urlopen error [Errno -3] Temporary failure in name resolution>
collected 0 new signals | 0 clusters | 0 basket prices | 964.0s
[mkt:SOLUSDT] <urlopen error [Errno -3] Temporary failure in name resolution>
[mkt:JUPUSDT] <urlopen error timed out>
[mkt:JTOUSDT] <urlopen error [Errno -3] Temporary failure in name resolution>
[mkt:WIFUSDT] <urlopen error [Errno -3] Temporary failure in name resolution>
[mkt:1000BONKUSDT] <urlopen error [Errno -3] Temporary failure in name resolution>
[mkt:PYTHUSDT] <urlopen error [Errno -3] Temporary failure in name resolution>
[mkt:RAYUSDT] <urlopen error [Errno -3] Temporary failure in name resolution>
[mkt:TNSRUSDT] <urlopen error [Errno -3] Temporary failure in name resolution>
collected 0 new signals | 0 clusters | 0 basket prices | 1057.2s
[mkt:SOLUSDT] <urlopen error [Errno -3] Temporary failure in name resolution>
[mkt:JUPUSDT] <urlopen error [Errno -3] Temporary failure in name resolution>
[mkt:JTOUSDT] <urlopen error [Errno -3] Temporary failure in name resolution>
[mkt:WIFUSDT] <urlopen error [Errno -3] Temporary failure in name resolution>
[mkt:1000BONKUSDT] <urlopen error [Errno -3] Temporary failure in name resolution>
[mkt:PYTHUSDT] <urlopen error [Errno -3] Temporary failure in name resolution>
[mkt:RAYUSDT] <urlopen error [Errno -3] Temporary failure in name resolution>
[mkt:TNSRUSDT] <urlopen error [Errno -3] Temporary failure in name resolution>
collected 0 new signals | 0 clusters | 0 basket prices | 982.8s
[mkt:SOLUSDT] <urlopen error [Errno -3] Temporary failure in name resolution>
[mkt:JUPUSDT] <urlopen error [Errno -3] Temporary failure in name resolution>
[mkt:JTOUSDT] <urlopen error [Errno -3] Temporary failure in name resolution>
[mkt:WIFUSDT] <urlopen error [Errno -3] Temporary failure in name resolution>
[mkt:1000BONKUSDT] <urlopen error [Errno -3] Temporary failure in name resolution>
[mkt:PYTHUSDT] <urlopen error [Errno -3] Temporary failure in name resolution>
[mkt:RAYUSDT] <urlopen error [Errno -3] Temporary failure in name resolution>
[mkt:TNSRUSDT] <urlopen error _ssl.c:983: The handshake operation timed out>
collected 0 new signals | 0 clusters | 0 basket prices | 1038.2s
[mkt:SOLUSDT] <urlopen error [Errno -3] Temporary failure in name resolution>
[mkt:JUPUSDT] <urlopen error [Errno -3] Temporary failure in name resolution>
[mkt:JTOUSDT] <urlopen error [Errno -3] Temporary failure in name resolution>
[mkt:WIFUSDT] <urlopen error [Errno -3] Temporary failure in name resolution>
[mkt:1000BONKUSDT] <urlopen error [Errno -3] Temporary failure in name resolution>
[mkt:PYTHUSDT] <urlopen error [Errno -3] Temporary failure in name resolution>
[mkt:RAYUSDT] <urlopen error [Errno -3] Temporary failure in name resolution>
[mkt:TNSRUSDT] <urlopen error [Errno -3] Temporary failure in name resolution>
collected 0 new signals | 0 clusters | 0 basket prices | 1085.9s
[mkt:SOLUSDT] <urlopen error [Errno -3] Temporary failure in name resolution>
[mkt:JUPUSDT] <urlopen error [Errno -3] Temporary failure in name resolution>
[mkt:JTOUSDT] <urlopen error [Errno -3] Temporary failure in name resolution>
[mkt:WIFUSDT] <urlopen error [Errno -3] Temporary failure in name resolution>
[mkt:1000BONKUSDT] <urlopen error [Errno -3] Temporary failure in name resolution>
[mkt:PYTHUSDT] <urlopen error [Errno -3] Temporary failure in name resolution>
[mkt:RAYUSDT] <urlopen error [Errno -3] Temporary failure in name resolution>
[mkt:TNSRUSDT] <urlopen error [Errno -3] Temporary failure in name resolution>
collected 0 new signals | 0 clusters | 0 basket prices | 1157.6s
collected 61 new signals | 1 clusters | 8 basket prices | 41.5s
collected 15 new signals | 0 clusters | 8 basket prices | 99.0s
[mkt:JUPUSDT] <urlopen error _ssl.c:983: The handshake operation timed out>
[mkt:1000BONKUSDT] <urlopen error _ssl.c:983: The handshake operation timed out>
collected 14 new signals | 0 clusters | 6 basket prices | 142.3s
collected 23 new signals | 1 clusters | 8 basket prices | 100.2s
collected 16 new signals | 0 clusters | 8 basket prices | 40.4s
collected 22 new signals | 1 clusters | 8 basket prices | 49.5s
collected 21 new signals | 0 clusters | 8 basket prices | 41.2s
collected 21 new signals | 0 clusters | 8 basket prices | 41.7s
collected 18 new signals | 0 clusters | 8 basket prices | 40.7s
collected 27 new signals | 0 clusters | 8 basket prices | 41.2s
collected 24 new signals | 0 clusters | 8 basket prices | 41.8s
collected 14 new signals | 0 clusters | 8 basket prices | 44.6s
collected 18 new signals | 0 clusters | 8 basket prices | 51.7s
collected 24 new signals | 0 clusters | 8 basket prices | 42.8s
collected 20 new signals | 0 clusters | 8 basket prices | 41.1s
collected 27 new signals | 1 clusters | 8 basket prices | 40.4s
[mkt:SOLUSDT] <urlopen error [Errno -3] Temporary failure in name resolution>
[mkt:JUPUSDT] <urlopen error EOF occurred in violation of protocol (_ssl.c:2417)>
[mkt:JTOUSDT] <urlopen error EOF occurred in violation of protocol (_ssl.c:2417)>
[mkt:RAYUSDT] <urlopen error [SSL: UNEXPECTED_EOF_WHILE_READING] EOF occurred in violation of protocol (_ssl.c:1000)>
[mkt:TNSRUSDT] <urlopen error EOF occurred in violation of protocol (_ssl.c:2417)>
collected 32 new signals | 0 clusters | 3 basket prices | 2837.3s
collected 46 new signals | 1 clusters | 8 basket prices | 42.5s
collected 33 new signals | 2 clusters | 8 basket prices | 44.6s
collected 20 new signals | 1 clusters | 8 basket prices | 40.9s
collected 19 new signals | 0 clusters | 8 basket prices | 42.2s
collected 21 new signals | 1 clusters | 8 basket prices | 41.1s
collected 18 new signals | 0 clusters | 8 basket prices | 40.0s
collected 12 new signals | 0 clusters | 8 basket prices | 40.5s
collected 13 new signals | 0 clusters | 8 basket prices | 40.5s
collected 12 new signals | 0 clusters | 8 basket prices | 41.7s
collected 12 new signals | 0 clusters | 8 basket prices | 40.5s
collected 20 new signals | 0 clusters | 8 basket prices | 40.6s
collected 21 new signals | 0 clusters | 8 basket prices | 41.5s
collected 21 new signals | 0 clusters | 8 basket prices | 42.0s
collected 14 new signals | 0 clusters | 8 basket prices | 43.3s
collected 19 new signals | 0 clusters | 8 basket prices | 40.5s
collected 27 new signals | 0 clusters | 8 basket prices | 40.5s
collected 23 new signals | 0 clusters | 8 basket prices | 40.0s
collected 25 new signals | 0 clusters | 8 basket prices | 40.1s
collected 22 new signals | 0 clusters | 8 basket prices | 40.5s
collected 26 new signals | 1 clusters | 8 basket prices | 39.9s
collected 21 new signals | 0 clusters | 8 basket prices | 40.8s
collected 25 new signals | 2 clusters | 8 basket prices | 40.1s
collected 23 new signals | 0 clusters | 8 basket prices | 40.6s
collected 24 new signals | 0 clusters | 8 basket prices | 40.6s
[mkt:SOLUSDT] <urlopen error _ssl.c:983: The handshake operation timed out>
[mkt:JUPUSDT] <urlopen error _ssl.c:983: The handshake operation timed out>
[mkt:JTOUSDT] <urlopen error _ssl.c:983: The handshake operation timed out>
[mkt:WIFUSDT] <urlopen error _ssl.c:983: The handshake operation timed out>
[mkt:1000BONKUSDT] <urlopen error _ssl.c:983: The handshake operation timed out>
[mkt:PYTHUSDT] <urlopen error _ssl.c:983: The handshake operation timed out>
[mkt:RAYUSDT] <urlopen error _ssl.c:983: The handshake operation timed out>
[mkt:TNSRUSDT] <urlopen error _ssl.c:983: The handshake operation timed out>
collected 1 new signals | 0 clusters | 0 basket prices | 1569.8s
[mkt:SOLUSDT] <urlopen error _ssl.c:983: The handshake operation timed out>
[mkt:JUPUSDT] <urlopen error _ssl.c:983: The handshake operation timed out>
[mkt:JTOUSDT] <urlopen error _ssl.c:983: The handshake operation timed out>
[mkt:WIFUSDT] <urlopen error _ssl.c:983: The handshake operation timed out>
[mkt:1000BONKUSDT] <urlopen error _ssl.c:983: The handshake operation timed out>
[mkt:PYTHUSDT] <urlopen error _ssl.c:983: The handshake operation timed out>
[mkt:RAYUSDT] <urlopen error _ssl.c:983: The handshake operation timed out>
[mkt:TNSRUSDT] <urlopen error _ssl.c:983: The handshake operation timed out>
collected 0 new signals | 0 clusters | 0 basket prices | 1745.4s
[mkt:SOLUSDT] <urlopen error _ssl.c:983: The handshake operation timed out>
[mkt:JUPUSDT] <urlopen error [Errno -3] Temporary failure in name resolution>
[mkt:JTOUSDT] <urlopen error _ssl.c:983: The handshake operation timed out>
[mkt:WIFUSDT] <urlopen error _ssl.c:983: The handshake operation timed out>
[mkt:1000BONKUSDT] <urlopen error _ssl.c:983: The handshake operation timed out>
[mkt:PYTHUSDT] <urlopen error _ssl.c:983: The handshake operation timed out>
[mkt:RAYUSDT] <urlopen error _ssl.c:983: The handshake operation timed out>
[mkt:TNSRUSDT] <urlopen error _ssl.c:983: The handshake operation timed out>
collected 0 new signals | 0 clusters | 0 basket prices | 1807.6s
[mkt:SOLUSDT] <urlopen error _ssl.c:983: The handshake operation timed out>
[mkt:JUPUSDT] <urlopen error _ssl.c:983: The handshake operation timed out>
[mkt:JTOUSDT] <urlopen error _ssl.c:983: The handshake operation timed out>
[mkt:WIFUSDT] <urlopen error _ssl.c:983: The handshake operation timed out>
[mkt:1000BONKUSDT] <urlopen error _ssl.c:983: The handshake operation timed out>
[mkt:PYTHUSDT] <urlopen error _ssl.c:983: The handshake operation timed out>
[mkt:RAYUSDT] <urlopen error _ssl.c:983: The handshake operation timed out>
[mkt:TNSRUSDT] <urlopen error _ssl.c:983: The handshake operation timed out>
collected 0 new signals | 0 clusters | 0 basket prices | 1846.4s
[mkt:SOLUSDT] <urlopen error _ssl.c:983: The handshake operation timed out>
[mkt:JUPUSDT] <urlopen error _ssl.c:983: The handshake operation timed out>
[mkt:JTOUSDT] <urlopen error _ssl.c:983: The handshake operation timed out>
[mkt:WIFUSDT] <urlopen error _ssl.c:983: The handshake operation timed out>
[mkt:1000BONKUSDT] <urlopen error _ssl.c:983: The handshake operation timed out>
[mkt:PYTHUSDT] <urlopen error _ssl.c:983: The handshake operation timed out>
[mkt:RAYUSDT] <urlopen error _ssl.c:983: The handshake operation timed out>
[mkt:TNSRUSDT] <urlopen error _ssl.c:983: The handshake operation timed out>
collected 0 new signals | 0 clusters | 0 basket prices | 1818.7s
[mkt:SOLUSDT] <urlopen error _ssl.c:983: The handshake operation timed out>
[mkt:JUPUSDT] <urlopen error _ssl.c:983: The handshake operation timed out>
[mkt:JTOUSDT] <urlopen error _ssl.c:983: The handshake operation timed out>
[mkt:WIFUSDT] <urlopen error _ssl.c:983: The handshake operation timed out>
[mkt:1000BONKUSDT] <urlopen error _ssl.c:983: The handshake operation timed out>
[mkt:PYTHUSDT] <urlopen error _ssl.c:983: The handshake operation timed out>
[mkt:RAYUSDT] <urlopen error _ssl.c:983: The handshake operation timed out>
[mkt:TNSRUSDT] <urlopen error _ssl.c:983: The handshake operation timed out>
collected 0 new signals | 0 clusters | 0 basket prices | 1821.3s
[mkt:SOLUSDT] <urlopen error _ssl.c:983: The handshake operation timed out>
[mkt:JUPUSDT] <urlopen error _ssl.c:983: The handshake operation timed out>
[mkt:JTOUSDT] <urlopen error _ssl.c:983: The handshake operation timed out>
[mkt:WIFUSDT] <urlopen error _ssl.c:983: The handshake operation timed out>
[mkt:1000BONKUSDT] <urlopen error _ssl.c:983: The handshake operation timed out>
[mkt:PYTHUSDT] <urlopen error _ssl.c:983: The handshake operation timed out>
[mkt:RAYUSDT] <urlopen error _ssl.c:983: The handshake operation timed out>
[mkt:TNSRUSDT] <urlopen error _ssl.c:983: The handshake operation timed out>
collected 0 new signals | 0 clusters | 0 basket prices | 1861.9s
collected 21 new signals | 0 clusters | 8 basket prices | 1026.9s
collected 22 new signals | 0 clusters | 8 basket prices | 571.6s
collected 16 new signals | 1 clusters | 8 basket prices | 42.3s
[mkt:JTOUSDT] The read operation timed out
[mkt:1000BONKUSDT] The read operation timed out
collected 22 new signals | 0 clusters | 6 basket prices | 105.9s
collected 24 new signals | 0 clusters | 8 basket prices | 42.1s
collected 25 new signals | 0 clusters | 8 basket prices | 52.6s
collected 22 new signals | 0 clusters | 8 basket prices | 50.0s
collected 22 new signals | 1 clusters | 8 basket prices | 40.5s
collected 28 new signals | 0 clusters | 8 basket prices | 40.3s
collected 24 new signals | 0 clusters | 8 basket prices | 40.7s
collected 23 new signals | 0 clusters | 8 basket prices | 40.0s
collected 27 new signals | 0 clusters | 8 basket prices | 65.7s
collected 33 new signals | 1 clusters | 8 basket prices | 40.3s
collected 24 new signals | 0 clusters | 8 basket prices | 39.7s
collected 26 new signals | 0 clusters | 8 basket prices | 39.8s
collected 19 new signals | 1 clusters | 8 basket prices | 40.8s
collected 17 new signals | 0 clusters | 8 basket prices | 40.1s
collected 22 new signals | 1 clusters | 8 basket prices | 39.9s
collected 15 new signals | 0 clusters | 8 basket prices | 41.4s
collected 17 new signals | 1 clusters | 8 basket prices | 40.7s
collected 13 new signals | 0 clusters | 8 basket prices | 40.9s
collected 21 new signals | 0 clusters | 8 basket prices | 48.1s
collected 18 new signals | 1 clusters | 8 basket prices | 40.6s
collected 12 new signals | 0 clusters | 8 basket prices | 40.4s
collected 19 new signals | 1 clusters | 8 basket prices | 40.3s
collected 21 new signals | 1 clusters | 8 basket prices | 45.3s
collected 20 new signals | 1 clusters | 8 basket prices | 40.3s
collected 23 new signals | 0 clusters | 8 basket prices | 59.7s
collected 34 new signals | 1 clusters | 8 basket prices | 43.1s
collected 21 new signals | 0 clusters | 8 basket prices | 48.3s
collected 22 new signals | 0 clusters | 8 basket prices | 41.5s
collected 30 new signals | 1 clusters | 8 basket prices | 42.4s
collected 25 new signals | 1 clusters | 8 basket prices | 43.5s
collected 22 new signals | 0 clusters | 8 basket prices | 59.9s
collected 23 new signals | 0 clusters | 8 basket prices | 40.7s
collected 27 new signals | 1 clusters | 8 basket prices | 40.1s
collected 30 new signals | 1 clusters | 8 basket prices | 40.3s
collected 26 new signals | 1 clusters | 8 basket prices | 39.8s
collected 25 new signals | 0 clusters | 8 basket prices | 40.3s
collected 20 new signals | 0 clusters | 8 basket prices | 40.2s
collected 18 new signals | 0 clusters | 8 basket prices | 39.9s
collected 18 new signals | 0 clusters | 8 basket prices | 40.1s
collected 14 new signals | 0 clusters | 8 basket prices | 40.3s
collected 15 new signals | 0 clusters | 8 basket prices | 40.0s
collected 15 new signals | 0 clusters | 8 basket prices | 40.2s
collected 15 new signals | 1 clusters | 8 basket prices | 40.2s
collected 15 new signals | 0 clusters | 8 basket prices | 41.9s
collected 20 new signals | 0 clusters | 8 basket prices | 40.1s
collected 26 new signals | 0 clusters | 8 basket prices | 41.2s
collected 20 new signals | 0 clusters | 8 basket prices | 42.5s
collected 35 new signals | 3 clusters | 8 basket prices | 41.2s
collected 32 new signals | 0 clusters | 8 basket prices | 44.7s
collected 28 new signals | 0 clusters | 8 basket prices | 40.3s
collected 28 new signals | 1 clusters | 8 basket prices | 53.2s
collected 27 new signals | 0 clusters | 8 basket prices | 40.1s
collected 23 new signals | 1 clusters | 8 basket prices | 46.3s
collected 27 new signals | 0 clusters | 8 basket prices | 40.7s
collected 30 new signals | 0 clusters | 8 basket prices | 40.3s
collected 26 new signals | 0 clusters | 8 basket prices | 84.0s
collected 26 new signals | 2 clusters | 8 basket prices | 40.6s
collected 31 new signals | 0 clusters | 8 basket prices | 40.4s
collected 28 new signals | 0 clusters | 8 basket prices | 40.7s
collected 17 new signals | 1 clusters | 8 basket prices | 41.2s
collected 28 new signals | 1 clusters | 8 basket prices | 39.9s
collected 26 new signals | 0 clusters | 8 basket prices | 39.8s
collected 26 new signals | 0 clusters | 8 basket prices | 39.9s
collected 27 new signals | 1 clusters | 8 basket prices | 40.3s
collected 15 new signals | 0 clusters | 8 basket prices | 38.9s
collected 13 new signals | 0 clusters | 8 basket prices | 41.4s
collected 21 new signals | 1 clusters | 8 basket prices | 40.8s
collected 18 new signals | 0 clusters | 8 basket prices | 40.8s
collected 16 new signals | 0 clusters | 8 basket prices | 39.7s
[mkt:PYTHUSDT] <urlopen error _ssl.c:983: The handshake operation timed out>
collected 14 new signals | 1 clusters | 7 basket prices | 49.3s
collected 21 new signals | 0 clusters | 8 basket prices | 39.9s
collected 15 new signals | 1 clusters | 8 basket prices | 39.8s
collected 25 new signals | 1 clusters | 8 basket prices | 72.5s
collected 26 new signals | 0 clusters | 8 basket prices | 39.8s
collected 24 new signals | 1 clusters | 8 basket prices | 39.7s
collected 20 new signals | 0 clusters | 8 basket prices | 55.0s
collected 27 new signals | 0 clusters | 8 basket prices | 40.9s
collected 16 new signals | 0 clusters | 8 basket prices | 40.1s
collected 25 new signals | 0 clusters | 8 basket prices | 40.9s
collected 29 new signals | 1 clusters | 8 basket prices | 40.3s
collected 29 new signals | 0 clusters | 8 basket prices | 42.3s
collected 34 new signals | 0 clusters | 8 basket prices | 41.2s
collected 29 new signals | 0 clusters | 8 basket prices | 39.7s
collected 29 new signals | 2 clusters | 8 basket prices | 48.5s
collected 26 new signals | 2 clusters | 8 basket prices | 40.4s
collected 11 new signals | 0 clusters | 8 basket prices | 39.7s
collected 1 new signals | 0 clusters | 8 basket prices | 400.5s
collected 23 new signals | 0 clusters | 8 basket prices | 76.0s
collected 15 new signals | 0 clusters | 8 basket prices | 43.3s
collected 13 new signals | 0 clusters | 8 basket prices | 40.2s
collected 22 new signals | 1 clusters | 8 basket prices | 39.5s
collected 16 new signals | 0 clusters | 8 basket prices | 40.2s
collected 16 new signals | 0 clusters | 8 basket prices | 71.8s
collected 15 new signals | 1 clusters | 8 basket prices | 39.2s
[mkt:JUPUSDT] The read operation timed out
collected 18 new signals | 1 clusters | 7 basket prices | 49.7s
collected 24 new signals | 0 clusters | 8 basket prices | 40.5s
collected 14 new signals | 0 clusters | 8 basket prices | 40.2s
collected 25 new signals | 0 clusters | 8 basket prices | 82.4s
collected 22 new signals | 0 clusters | 8 basket prices | 41.3s
collected 22 new signals | 0 clusters | 8 basket prices | 52.3s
collected 23 new signals | 1 clusters | 8 basket prices | 40.6s
collected 27 new signals | 0 clusters | 8 basket prices | 49.5s
collected 28 new signals | 0 clusters | 8 basket prices | 48.6s
collected 29 new signals | 0 clusters | 8 basket prices | 47.8s
collected 31 new signals | 4 clusters | 8 basket prices | 49.2s
collected 36 new signals | 0 clusters | 8 basket prices | 40.4s
collected 20 new signals | 1 clusters | 8 basket prices | 40.4s
collected 17 new signals | 0 clusters | 8 basket prices | 54.9s
collected 22 new signals | 0 clusters | 8 basket prices | 41.9s
collected 14 new signals | 0 clusters | 8 basket prices | 39.0s
collected 21 new signals | 0 clusters | 8 basket prices | 39.4s
[mkt:JUPUSDT] The read operation timed out
collected 14 new signals | 1 clusters | 7 basket prices | 55.7s
collected 13 new signals | 0 clusters | 8 basket prices | 40.7s
collected 12 new signals | 0 clusters | 8 basket prices | 40.6s
[mkt:RAYUSDT] The read operation timed out
collected 11 new signals | 0 clusters | 7 basket prices | 49.6s
collected 15 new signals | 0 clusters | 8 basket prices | 43.0s
collected 9 new signals | 0 clusters | 8 basket prices | 42.2s
collected 20 new signals | 1 clusters | 8 basket prices | 85.1s
collected 25 new signals | 0 clusters | 8 basket prices | 60.8s
[mkt:1000BONKUSDT] <urlopen error _ssl.c:983: The handshake operation timed out>
collected 26 new signals | 0 clusters | 7 basket prices | 114.1s
collected 17 new signals | 1 clusters | 8 basket prices | 41.3s
collected 16 new signals | 0 clusters | 8 basket prices | 67.0s
collected 24 new signals | 0 clusters | 8 basket prices | 43.8s
collected 26 new signals | 0 clusters | 8 basket prices | 42.0s
[mkt:TNSRUSDT] The read operation timed out
collected 23 new signals | 1 clusters | 7 basket prices | 84.4s
collected 25 new signals | 0 clusters | 8 basket prices | 40.8s
collected 31 new signals | 0 clusters | 8 basket prices | 40.5s
collected 24 new signals | 0 clusters | 8 basket prices | 40.8s
collected 28 new signals | 1 clusters | 8 basket prices | 57.9s
collected 26 new signals | 1 clusters | 8 basket prices | 40.7s
collected 22 new signals | 0 clusters | 8 basket prices | 43.5s
collected 25 new signals | 0 clusters | 8 basket prices | 42.6s
collected 22 new signals | 1 clusters | 8 basket prices | 41.5s
collected 21 new signals | 0 clusters | 8 basket prices | 44.5s
collected 15 new signals | 0 clusters | 8 basket prices | 39.7s
collected 19 new signals | 0 clusters | 8 basket prices | 42.3s
collected 12 new signals | 0 clusters | 8 basket prices | 39.8s
collected 12 new signals | 0 clusters | 8 basket prices | 40.9s
collected 16 new signals | 0 clusters | 8 basket prices | 40.4s
collected 13 new signals | 0 clusters | 8 basket prices | 40.5s
collected 14 new signals | 0 clusters | 8 basket prices | 41.8s
collected 13 new signals | 0 clusters | 8 basket prices | 42.7s
collected 16 new signals | 0 clusters | 8 basket prices | 41.0s
collected 22 new signals | 1 clusters | 8 basket prices | 41.4s
collected 19 new signals | 0 clusters | 8 basket prices | 40.6s
collected 26 new signals | 1 clusters | 8 basket prices | 45.7s
collected 23 new signals | 0 clusters | 8 basket prices | 41.6s
collected 24 new signals | 1 clusters | 8 basket prices | 41.7s
collected 30 new signals | 1 clusters | 8 basket prices | 44.2s
collected 25 new signals | 1 clusters | 8 basket prices | 72.0s
collected 30 new signals | 1 clusters | 8 basket prices | 44.4s
collected 25 new signals | 0 clusters | 8 basket prices | 41.8s
collected 29 new signals | 3 clusters | 8 basket prices | 40.4s
collected 30 new signals | 1 clusters | 8 basket prices | 56.5s
collected 29 new signals | 1 clusters | 8 basket prices | 40.1s
collected 18 new signals | 0 clusters | 8 basket prices | 41.0s
collected 20 new signals | 0 clusters | 8 basket prices | 40.2s
collected 11 new signals | 1 clusters | 8 basket prices | 40.5s
collected 19 new signals | 1 clusters | 8 basket prices | 41.1s
collected 14 new signals | 0 clusters | 8 basket prices | 41.1s
collected 17 new signals | 1 clusters | 8 basket prices | 43.8s
collected 17 new signals | 0 clusters | 8 basket prices | 40.8s
[mkt:RAYUSDT] <urlopen error _ssl.c:983: The handshake operation timed out>
collected 13 new signals | 0 clusters | 7 basket prices | 85.8s
[mkt:JTOUSDT] The read operation timed out
collected 12 new signals | 0 clusters | 7 basket prices | 50.4s
collected 18 new signals | 0 clusters | 8 basket prices | 51.4s
collected 19 new signals | 1 clusters | 8 basket prices | 45.2s
[mkt:JUPUSDT] The read operation timed out
collected 19 new signals | 1 clusters | 7 basket prices | 66.1s
collected 25 new signals | 1 clusters | 8 basket prices | 45.6s
collected 18 new signals | 1 clusters | 8 basket prices | 48.6s
collected 26 new signals | 0 clusters | 8 basket prices | 78.7s
collected 25 new signals | 0 clusters | 8 basket prices | 46.2s
collected 34 new signals | 0 clusters | 8 basket prices | 59.1s
collected 22 new signals | 0 clusters | 8 basket prices | 53.4s
collected 23 new signals | 0 clusters | 8 basket prices | 41.8s
collected 23 new signals | 0 clusters | 8 basket prices | 41.7s
collected 32 new signals | 1 clusters | 8 basket prices | 47.4s
collected 30 new signals | 0 clusters | 8 basket prices | 73.0s
collected 28 new signals | 0 clusters | 8 basket prices | 67.1s
collected 23 new signals | 2 clusters | 8 basket prices | 41.0s
collected 20 new signals | 1 clusters | 8 basket prices | 48.2s
collected 29 new signals | 1 clusters | 8 basket prices | 40.4s
collected 22 new signals | 0 clusters | 8 basket prices | 41.0s
collected 23 new signals | 0 clusters | 8 basket prices | 42.3s
collected 21 new signals | 1 clusters | 8 basket prices | 40.3s
collected 18 new signals | 1 clusters | 8 basket prices | 41.1s
collected 11 new signals | 0 clusters | 8 basket prices | 41.6s
collected 20 new signals | 0 clusters | 8 basket prices | 40.3s
collected 12 new signals | 0 clusters | 8 basket prices | 47.6s
collected 20 new signals | 0 clusters | 8 basket prices | 42.4s
collected 15 new signals | 0 clusters | 8 basket prices | 43.7s
collected 15 new signals | 0 clusters | 8 basket prices | 42.1s
collected 24 new signals | 1 clusters | 8 basket prices | 76.2s
collected 23 new signals | 1 clusters | 8 basket prices | 42.6s
collected 25 new signals | 1 clusters | 8 basket prices | 47.1s
collected 26 new signals | 1 clusters | 8 basket prices | 64.1s
collected 24 new signals | 1 clusters | 8 basket prices | 44.0s
[mkt:PYTHUSDT] <urlopen error _ssl.c:983: The handshake operation timed out>
collected 38 new signals | 3 clusters | 7 basket prices | 69.3s
collected 26 new signals | 0 clusters | 8 basket prices | 42.8s
collected 32 new signals | 0 clusters | 8 basket prices | 40.9s
collected 32 new signals | 2 clusters | 8 basket prices | 69.2s
collected 30 new signals | 0 clusters | 8 basket prices | 41.0s
collected 32 new signals | 0 clusters | 8 basket prices | 40.1s
collected 29 new signals | 1 clusters | 8 basket prices | 40.4s
collected 19 new signals | 0 clusters | 8 basket prices | 40.3s
collected 21 new signals | 1 clusters | 8 basket prices | 40.3s
collected 22 new signals | 0 clusters | 8 basket prices | 70.4s
collected 20 new signals | 0 clusters | 8 basket prices | 40.1s
collected 22 new signals | 0 clusters | 8 basket prices | 51.3s
collected 15 new signals | 0 clusters | 8 basket prices | 40.3s
collected 14 new signals | 1 clusters | 8 basket prices | 40.5s
collected 16 new signals | 0 clusters | 8 basket prices | 41.5s
collected 23 new signals | 0 clusters | 8 basket prices | 41.9s
collected 21 new signals | 0 clusters | 8 basket prices | 41.7s
collected 23 new signals | 0 clusters | 8 basket prices | 42.0s
collected 17 new signals | 0 clusters | 8 basket prices | 42.0s
collected 23 new signals | 0 clusters | 8 basket prices | 40.5s
collected 22 new signals | 0 clusters | 8 basket prices | 42.1s
collected 28 new signals | 1 clusters | 8 basket prices | 41.6s
collected 23 new signals | 1 clusters | 8 basket prices | 46.1s
collected 28 new signals | 2 clusters | 8 basket prices | 45.5s
collected 31 new signals | 1 clusters | 8 basket prices | 43.5s
collected 32 new signals | 2 clusters | 8 basket prices | 41.5s
collected 30 new signals | 0 clusters | 8 basket prices | 41.1s
collected 26 new signals | 0 clusters | 8 basket prices | 40.0s
collected 23 new signals | 0 clusters | 8 basket prices | 40.8s
collected 37 new signals | 1 clusters | 8 basket prices | 40.7s
collected 27 new signals | 1 clusters | 8 basket prices | 63.0s
collected 21 new signals | 0 clusters | 8 basket prices | 40.3s
collected 24 new signals | 0 clusters | 8 basket prices | 59.9s
collected 17 new signals | 0 clusters | 8 basket prices | 40.0s
collected 8 new signals | 0 clusters | 8 basket prices | 47.1s
collected 15 new signals | 0 clusters | 8 basket prices | 40.3s
collected 23 new signals | 0 clusters | 8 basket prices | 41.5s
collected 8 new signals | 0 clusters | 8 basket prices | 40.7s
collected 16 new signals | 0 clusters | 8 basket prices | 42.3s
[mkt:1000BONKUSDT] The read operation timed out
collected 21 new signals | 0 clusters | 7 basket prices | 84.8s
collected 13 new signals | 0 clusters | 8 basket prices | 41.8s
collected 12 new signals | 1 clusters | 8 basket prices | 63.1s
collected 15 new signals | 1 clusters | 8 basket prices | 43.0s
collected 16 new signals | 0 clusters | 8 basket prices | 42.3s
collected 25 new signals | 0 clusters | 8 basket prices | 60.9s
collected 34 new signals | 2 clusters | 8 basket prices | 41.9s
collected 22 new signals | 0 clusters | 8 basket prices | 80.9s
collected 32 new signals | 1 clusters | 8 basket prices | 68.9s
[mkt:PYTHUSDT] The read operation timed out
collected 27 new signals | 0 clusters | 7 basket prices | 124.8s
collected 25 new signals | 0 clusters | 8 basket prices | 104.8s
collected 41 new signals | 1 clusters | 8 basket prices | 44.9s
collected 28 new signals | 2 clusters | 8 basket prices | 47.8s
collected 30 new signals | 0 clusters | 8 basket prices | 43.4s
collected 35 new signals | 1 clusters | 8 basket prices | 40.8s
